SQL> 
SQL> -- Generated by Oracle SQL Developer Data Modeler 23.1.0.087.0806
SQL> --   at:        2023-09-13 10:50:33 AEST
SQL> --   site:      Oracle Database 12c
SQL> --   type:      Oracle Database 12c
SQL> 
SQL> 
SQL> 
SQL> DROP TABLE clinic CASCADE CONSTRAINTS;

Table CLINIC dropped.

SQL> 
SQL> DROP TABLE drug CASCADE CONSTRAINTS;

Table DRUG dropped.

SQL> 
SQL> DROP TABLE follow_up_visit CASCADE CONSTRAINTS;

Table FOLLOW_UP_VISIT dropped.

SQL> 
SQL> DROP TABLE owner CASCADE CONSTRAINTS;

Table OWNER dropped.

SQL> 
SQL> DROP TABLE participant CASCADE CONSTRAINTS;

Table PARTICIPANT dropped.

SQL> 
SQL> DROP TABLE pet CASCADE CONSTRAINTS;

Table PET dropped.

SQL> 
SQL> DROP TABLE pet_type CASCADE CONSTRAINTS;

Table PET_TYPE dropped.

SQL> 
SQL> DROP TABLE prescription CASCADE CONSTRAINTS;

Table PRESCRIPTION dropped.

SQL> 
SQL> DROP TABLE service CASCADE CONSTRAINTS;

Table SERVICE dropped.

SQL> 
SQL> DROP TABLE service_charge CASCADE CONSTRAINTS;

Table SERVICE_CHARGE dropped.

SQL> 
SQL> DROP TABLE specialisation CASCADE CONSTRAINTS;

Table SPECIALISATION dropped.

SQL> 
SQL> DROP TABLE training CASCADE CONSTRAINTS;

Table TRAINING dropped.

SQL> 
SQL> DROP TABLE vet CASCADE CONSTRAINTS;

Table VET dropped.

SQL> 
SQL> DROP TABLE visit CASCADE CONSTRAINTS;

Table VISIT dropped.

SQL> 
SQL> -- predefined type, no DDL - MDSYS.SDO_GEOMETRY
SQL> 
SQL> -- predefined type, no DDL - XMLTYPE
SQL> 
SQL> CREATE TABLE clinic (
  2      clinic_id       NUMBER(7) NOT NULL,
  3      clinic_name     VARCHAR2(15) NOT NULL,
  4      clinic_address  VARCHAR2(50) NOT NULL,
  5      clinic_phone_no CHAR(10) NOT NULL,
  6      vet_id          NUMBER(7) NOT NULL
  7  );

Table CLINIC created.

SQL> 
SQL> COMMENT ON COLUMN clinic.clinic_id IS
  2      'clinic id as PK';

Comment created.

SQL> 
SQL> COMMENT ON COLUMN clinic.clinic_name IS
  2      'clinic name';

Comment created.

SQL> 
SQL> COMMENT ON COLUMN clinic.clinic_address IS
  2      'clinic address';

Comment created.

SQL> 
SQL> COMMENT ON COLUMN clinic.clinic_phone_no IS
  2      'clinic phone number';

Comment created.

SQL> 
SQL> COMMENT ON COLUMN clinic.vet_id IS
  2      'vet id as PK';

Comment created.

SQL> 
SQL> CREATE UNIQUE INDEX clinic__idx ON
  2      clinic (
  3          vet_id
  4      ASC );

INDEX CLINIC__IDX created.

SQL> 
SQL> ALTER TABLE clinic ADD CONSTRAINT clinic_pk PRIMARY KEY ( clinic_id );

Table CLINIC altered.

SQL> 
SQL> CREATE TABLE drug (
  2      drug_id       NUMBER(7) NOT NULL,
  3      drug_name     VARCHAR2(20) NOT NULL,
  4      drug_usage    VARCHAR2(15) NOT NULL,
  5      drug_std_cost NUMBER(5, 2) NOT NULL
  6  );

Table DRUG created.

SQL> 
SQL> COMMENT ON COLUMN drug.drug_id IS
  2      'Adding drug id as pk';

Comment created.

SQL> 
SQL> COMMENT ON COLUMN drug.drug_name IS
  2      'Adding drug name';

Comment created.

SQL> 
SQL> COMMENT ON COLUMN drug.drug_usage IS
  2      'Adding drug usage';

Comment created.

SQL> 
SQL> COMMENT ON COLUMN drug.drug_std_cost IS
  2      'drug standard price';

Comment created.

SQL> 
SQL> ALTER TABLE drug ADD CONSTRAINT drug_pk PRIMARY KEY ( drug_id );

Table DRUG altered.

SQL> 
SQL> CREATE TABLE follow_up_visit (
  2      visit_id           NUMBER(7) NOT NULL,
  3      follow_up_visit_id NUMBER(7) NOT NULL
  4  );

Table FOLLOW_UP_VISIT created.

SQL> 
SQL> COMMENT ON COLUMN follow_up_visit.visit_id IS
  2      'visit id as PK';

Comment created.

SQL> 
SQL> COMMENT ON COLUMN follow_up_visit.follow_up_visit_id IS
  2      'visit id as PK';

Comment created.

SQL> 
SQL> ALTER TABLE follow_up_visit ADD CONSTRAINT follow_up_visit_pk PRIMARY KEY ( visit_id,
  2                                                                              follow_up_visit_id
  3                                                                              );

Table FOLLOW_UP_VISIT altered.

SQL> 
SQL> CREATE TABLE owner (
  2      owner_id       NUMBER(7) NOT NULL,
  3      owner_gname    VARCHAR2(15),
  4      owner_fname    VARCHAR2(15),
  5      owner_phone_no CHAR(10) NOT NULL
  6  );

Table OWNER created.

SQL> 
SQL> COMMENT ON COLUMN owner.owner_id IS
  2      'owner id as PK';

Comment created.

SQL> 
SQL> COMMENT ON COLUMN owner.owner_gname IS
  2      'owner given name';

Comment created.

SQL> 
SQL> COMMENT ON COLUMN owner.owner_fname IS
  2      'owner family name';

Comment created.

SQL> 
SQL> COMMENT ON COLUMN owner.owner_phone_no IS
  2      'owner phone number';

Comment created.

SQL> 
SQL> ALTER TABLE owner ADD CONSTRAINT owner_pk PRIMARY KEY ( owner_id );

Table OWNER altered.

SQL> 
SQL> CREATE TABLE participant (
  2      training_id              NUMBER(7) NOT NULL,
  3      vet_id                   NUMBER(7) NOT NULL,
  4      part_training_complete   CHAR(1) NOT NULL,
  5      part_training_expirydate DATE
  6  );

Table PARTICIPANT created.

SQL> 
SQL> ALTER TABLE participant
  2      ADD CONSTRAINT part_training_complete_chk CHECK ( part_training_complete IN ( 'N'
  3      , 'Y' ) );

Table PARTICIPANT altered.

SQL> 
SQL> COMMENT ON COLUMN participant.training_id IS
  2      'training id as PK';

Comment created.

SQL> 
SQL> COMMENT ON COLUMN participant.vet_id IS
  2      'vet id as PK';

Comment created.

SQL> 
SQL> COMMENT ON COLUMN participant.part_training_complete IS
  2      'participant complete training or not (y or n)';

Comment created.

SQL> 
SQL> COMMENT ON COLUMN participant.part_training_expirydate IS
  2      'expiry date of training';

Comment created.

SQL> 
SQL> ALTER TABLE participant ADD CONSTRAINT participant_pk PRIMARY KEY ( vet_id,
  2                                                                      training_id );

Table PARTICIPANT altered.

SQL> 
SQL> CREATE TABLE pet (
  2      pet_id         NUMBER(7) NOT NULL,
  3      pet_name       VARCHAR2(10) NOT NULL,
  4      pet_birth_year DATE NOT NULL,
  5      pet_alive      CHAR(1) NOT NULL,
  6      owner_id       NUMBER(7) NOT NULL,
  7      pet_type_id    NUMBER(7) NOT NULL
  8  );

Table PET created.

SQL> 
SQL> ALTER TABLE pet
  2      ADD CONSTRAINT pet_alive_chk CHECK ( pet_alive IN ( 'N', 'Y' ) );

Table PET altered.

SQL> 
SQL> COMMENT ON COLUMN pet.pet_id IS
  2      'pet id as PK';

Comment created.

SQL> 
SQL> COMMENT ON COLUMN pet.pet_name IS
  2      'pet name';

Comment created.

SQL> 
SQL> COMMENT ON COLUMN pet.pet_birth_year IS
  2      'pet birth year';

Comment created.

SQL> 
SQL> COMMENT ON COLUMN pet.pet_alive IS
  2      'pet alive';

Comment created.

SQL> 
SQL> COMMENT ON COLUMN pet.owner_id IS
  2      'owner id as PK';

Comment created.

SQL> 
SQL> COMMENT ON COLUMN pet.pet_type_id IS
  2      'animal type id as PK';

Comment created.

SQL> 
SQL> ALTER TABLE pet ADD CONSTRAINT pet_pk PRIMARY KEY ( pet_id );

Table PET altered.

SQL> 
SQL> CREATE TABLE pet_type (
  2      pet_type_id   NUMBER(7) NOT NULL,
  3      pet_type_name VARCHAR2(10) NOT NULL
  4  );

Table PET_TYPE created.

SQL> 
SQL> COMMENT ON COLUMN pet_type.pet_type_id IS
  2      'animal type id as PK';

Comment created.

SQL> 
SQL> COMMENT ON COLUMN pet_type.pet_type_name IS
  2      'animal type name ';

Comment created.

SQL> 
SQL> ALTER TABLE pet_type ADD CONSTRAINT type_pk PRIMARY KEY ( pet_type_id );

Table PET_TYPE altered.

SQL> 
SQL> ALTER TABLE pet_type ADD CONSTRAINT pettypeunique UNIQUE ( pet_type_name );

Table PET_TYPE altered.

SQL> 
SQL> CREATE TABLE prescription (
  2      drug_id           NUMBER(7) NOT NULL,
  3      visit_id          NUMBER(7) NOT NULL,
  4      drug_qty_supplied NUMBER(2) NOT NULL,
  5      drug_line_cost    NUMBER(6, 2) NOT NULL,
  6      presc_drug_dose   VARCHAR2(10) NOT NULL,
  7      presc_drug_freq   VARCHAR2(15) NOT NULL
  8  );

Table PRESCRIPTION created.

SQL> 
SQL> COMMENT ON COLUMN prescription.drug_id IS
  2      'Adding drug id as pk';

Comment created.

SQL> 
SQL> COMMENT ON COLUMN prescription.visit_id IS
  2      'visit id as PK';

Comment created.

SQL> 
SQL> COMMENT ON COLUMN prescription.drug_qty_supplied IS
  2      'Adding drug quantity supplied';

Comment created.

SQL> 
SQL> COMMENT ON COLUMN prescription.drug_line_cost IS
  2      'Adding drug line cost';

Comment created.

SQL> 
SQL> COMMENT ON COLUMN prescription.presc_drug_dose IS
  2      'prescription drug dose';

Comment created.

SQL> 
SQL> COMMENT ON COLUMN prescription.presc_drug_freq IS
  2      'prescribed drug frequency';

Comment created.

SQL> 
SQL> ALTER TABLE prescription ADD CONSTRAINT prescription_pk PRIMARY KEY ( visit_id,
  2                                                                        drug_id );

Table PRESCRIPTION altered.

SQL> 
SQL> CREATE TABLE service (
  2      service_code     CHAR(5) NOT NULL,
  3      service_std_cost NUMBER(5, 2) NOT NULL,
  4      service_desc     VARCHAR2(30) NOT NULL
  5  );

Table SERVICE created.

SQL> 
SQL> COMMENT ON COLUMN service.service_code IS
  2      'Adding service code';

Comment created.

SQL> 
SQL> COMMENT ON COLUMN service.service_std_cost IS
  2      'service standard cost';

Comment created.

SQL> 
SQL> COMMENT ON COLUMN service.service_desc IS
  2      'service description';

Comment created.

SQL> 
SQL> ALTER TABLE service ADD CONSTRAINT service_pk PRIMARY KEY ( service_code );

Table SERVICE altered.

SQL> 
SQL> CREATE TABLE service_charge (
  2      visit_id          NUMBER(7) NOT NULL,
  3      service_code      CHAR(5) NOT NULL,
  4      service_line_cost NUMBER(6, 2) NOT NULL
  5  );

Table SERVICE_CHARGE created.

SQL> 
SQL> COMMENT ON COLUMN service_charge.visit_id IS
  2      'visit id as PK';

Comment created.

SQL> 
SQL> COMMENT ON COLUMN service_charge.service_code IS
  2      'Adding service code';

Comment created.

SQL> 
SQL> COMMENT ON COLUMN service_charge.service_line_cost IS
  2      'Adding service line cost';

Comment created.

SQL> 
SQL> ALTER TABLE service_charge ADD CONSTRAINT visit_service_pk PRIMARY KEY ( visit_id,
  2                                                                           service_code
  3                                                                           );

Table SERVICE_CHARGE altered.

SQL> 
SQL> CREATE TABLE specialisation (
  2      specialisation_id   NUMBER(7) NOT NULL,
  3      specialisation_name VARCHAR2(15) NOT NULL
  4  );

Table SPECIALISATION created.

SQL> 
SQL> COMMENT ON COLUMN specialisation.specialisation_id IS
  2      'specialisation id as PK';

Comment created.

SQL> 
SQL> COMMENT ON COLUMN specialisation.specialisation_name IS
  2      'specialisation name';

Comment created.

SQL> 
SQL> ALTER TABLE specialisation ADD CONSTRAINT specialisation_pk PRIMARY KEY ( specialisation_id
  2  );

Table SPECIALISATION altered.

SQL> 
SQL> ALTER TABLE specialisation ADD CONSTRAINT specialisationunique UNIQUE ( specialisation_name
  2  );

Table SPECIALISATION altered.

SQL> 
SQL> CREATE TABLE training (
  2      training_id       NUMBER(7) NOT NULL,
  3      training_datetime DATE NOT NULL,
  4      vet_id            NUMBER(7) NOT NULL,
  5      training_name     VARCHAR2(15) NOT NULL,
  6      training_duration VARCHAR2(10) NOT NULL,
  7      clinic_id         NUMBER(7) NOT NULL
  8  );

Table TRAINING created.

SQL> 
SQL> COMMENT ON COLUMN training.training_id IS
  2      'training id as PK';

Comment created.

SQL> 
SQL> COMMENT ON COLUMN training.training_datetime IS
  2      'training date time ';

Comment created.

SQL> 
SQL> COMMENT ON COLUMN training.vet_id IS
  2      'vet id as PK';

Comment created.

SQL> 
SQL> COMMENT ON COLUMN training.training_name IS
  2      'training name';

Comment created.

SQL> 
SQL> COMMENT ON COLUMN training.training_duration IS
  2      'training duration';

Comment created.

SQL> 
SQL> COMMENT ON COLUMN training.clinic_id IS
  2      'clinic id as PK';

Comment created.

SQL> 
SQL> ALTER TABLE training ADD CONSTRAINT training_pk PRIMARY KEY ( training_id );

Table TRAINING altered.

SQL> 
SQL> ALTER TABLE training ADD CONSTRAINT trainingunique UNIQUE ( training_datetime,
  2                                                              vet_id );

Table TRAINING altered.

SQL> 
SQL> CREATE TABLE vet (
  2      vet_id            NUMBER(7) NOT NULL,
  3      vet_gname         VARCHAR2(15),
  4      vet_fname         VARCHAR2(15),
  5      vet_phone_no      CHAR(10) NOT NULL,
  6      vet_employ_date   DATE NOT NULL,
  7      clinic_id         NUMBER(7) NOT NULL,
  8      specialisation_id NUMBER(7)
  9  );

Table VET created.

SQL> 
SQL> COMMENT ON COLUMN vet.vet_id IS
  2      'vet id as PK';

Comment created.

SQL> 
SQL> COMMENT ON COLUMN vet.vet_gname IS
  2      'vet given name';

Comment created.

SQL> 
SQL> COMMENT ON COLUMN vet.vet_fname IS
  2      'vet family name';

Comment created.

SQL> 
SQL> COMMENT ON COLUMN vet.vet_phone_no IS
  2      'vet phone number';

Comment created.

SQL> 
SQL> COMMENT ON COLUMN vet.vet_employ_date IS
  2      'vet employment date';

Comment created.

SQL> 
SQL> COMMENT ON COLUMN vet.clinic_id IS
  2      'clinic id as PK';

Comment created.

SQL> 
SQL> COMMENT ON COLUMN vet.specialisation_id IS
  2      'specialisation id as PK';

Comment created.

SQL> 
SQL> ALTER TABLE vet ADD CONSTRAINT vet_pk PRIMARY KEY ( vet_id );

Table VET altered.

SQL> 
SQL> CREATE TABLE visit (
  2      visit_id           NUMBER(7) NOT NULL,
  3      visit_date_time    DATE NOT NULL,
  4      vet_id             NUMBER(7) NOT NULL,
  5      pet_id             NUMBER(7) NOT NULL,
  6      clinic_id          NUMBER(7) NOT NULL,
  7      visit_weight       NUMBER(3) NOT NULL,
  8      visit_length       VARCHAR2(10) NOT NULL,
  9      visit_note         VARCHAR2(30) NOT NULL,
 10      visit_paid_by      CHAR(1) NOT NULL,
 11      visit_total_amount NUMBER(6, 2) NOT NULL
 12  );

Table VISIT created.

SQL> 
SQL> ALTER TABLE visit
  2      ADD CONSTRAINT paid_by_chk CHECK ( visit_paid_by IN ( 'C', 'E' ) );

Table VISIT altered.

SQL> 
SQL> COMMENT ON COLUMN visit.visit_id IS
  2      'visit id as PK';

Comment created.

SQL> 
SQL> COMMENT ON COLUMN visit.visit_date_time IS
  2      'visit date time as PK';

Comment created.

SQL> 
SQL> COMMENT ON COLUMN visit.vet_id IS
  2      'vet id as PK';

Comment created.

SQL> 
SQL> COMMENT ON COLUMN visit.pet_id IS
  2      'pet id as PK';

Comment created.

SQL> 
SQL> COMMENT ON COLUMN visit.clinic_id IS
  2      'clinic id as PK';

Comment created.

SQL> 
SQL> COMMENT ON COLUMN visit.visit_weight IS
  2      'visit_weight';

Comment created.

SQL> 
SQL> COMMENT ON COLUMN visit.visit_length IS
  2      'visit length';

Comment created.

SQL> 
SQL> COMMENT ON COLUMN visit.visit_note IS
  2      'visit note ';

Comment created.

SQL> 
SQL> COMMENT ON COLUMN visit.visit_paid_by IS
  2      'visit charges paid by';

Comment created.

SQL> 
SQL> COMMENT ON COLUMN visit.visit_total_amount IS
  2      'visit total amount';

Comment created.

SQL> 
SQL> ALTER TABLE visit ADD CONSTRAINT visit_pk PRIMARY KEY ( visit_id );

Table VISIT altered.

SQL> 
SQL> ALTER TABLE visit ADD CONSTRAINT visitunique UNIQUE ( visit_date_time,
  2                                                        vet_id );

Table VISIT altered.

SQL> 
SQL> ALTER TABLE training
  2      ADD CONSTRAINT clinic_training FOREIGN KEY ( clinic_id )
  3          REFERENCES clinic ( clinic_id );

Table TRAINING altered.

SQL> 
SQL> ALTER TABLE vet
  2      ADD CONSTRAINT clinic_vet FOREIGN KEY ( clinic_id )
  3          REFERENCES clinic ( clinic_id );

Table VET altered.

SQL> 
SQL> ALTER TABLE visit
  2      ADD CONSTRAINT clinic_visit_relationship FOREIGN KEY ( clinic_id )
  3          REFERENCES clinic ( clinic_id );

Table VISIT altered.

SQL> 
SQL> ALTER TABLE prescription
  2      ADD CONSTRAINT drug_prescription FOREIGN KEY ( drug_id )
  3          REFERENCES drug ( drug_id );

Table PRESCRIPTION altered.

SQL> 
SQL> ALTER TABLE pet
  2      ADD CONSTRAINT owner_pet_relationship FOREIGN KEY ( owner_id )
  3          REFERENCES owner ( owner_id );

Table PET altered.

SQL> 
SQL> ALTER TABLE visit
  2      ADD CONSTRAINT pet_visit_relationship FOREIGN KEY ( pet_id )
  3          REFERENCES pet ( pet_id );

Table VISIT altered.

SQL> 
SQL> ALTER TABLE pet
  2      ADD CONSTRAINT pettype_pet FOREIGN KEY ( pet_type_id )
  3          REFERENCES pet_type ( pet_type_id );

Table PET altered.

SQL> 
SQL> ALTER TABLE service_charge
  2      ADD CONSTRAINT service_to_servicecharge FOREIGN KEY ( service_code )
  3          REFERENCES service ( service_code );

Table SERVICE_CHARGE altered.

SQL> 
SQL> ALTER TABLE service_charge
  2      ADD CONSTRAINT servicecharge_visit FOREIGN KEY ( visit_id )
  3          REFERENCES visit ( visit_id );

Table SERVICE_CHARGE altered.

SQL> 
SQL> ALTER TABLE vet
  2      ADD CONSTRAINT specialisation_vet FOREIGN KEY ( specialisation_id )
  3          REFERENCES specialisation ( specialisation_id );

Table VET altered.

SQL> 
SQL> ALTER TABLE participant
  2      ADD CONSTRAINT training_participant FOREIGN KEY ( training_id )
  3          REFERENCES training ( training_id );

Table PARTICIPANT altered.

SQL> 
SQL> ALTER TABLE clinic
  2      ADD CONSTRAINT vet_clinic FOREIGN KEY ( vet_id )
  3          REFERENCES vet ( vet_id );

Table CLINIC altered.

SQL> 
SQL> ALTER TABLE participant
  2      ADD CONSTRAINT vet_participant FOREIGN KEY ( vet_id )
  3          REFERENCES vet ( vet_id );

Table PARTICIPANT altered.

SQL> 
SQL> ALTER TABLE training
  2      ADD CONSTRAINT vet_training FOREIGN KEY ( vet_id )
  3          REFERENCES vet ( vet_id );

Table TRAINING altered.

SQL> 
SQL> ALTER TABLE visit
  2      ADD CONSTRAINT vet_visit_relationship FOREIGN KEY ( vet_id )
  3          REFERENCES vet ( vet_id );

Table VISIT altered.

SQL> 
SQL> ALTER TABLE prescription
  2      ADD CONSTRAINT visit_prescription FOREIGN KEY ( visit_id )
  3          REFERENCES visit ( visit_id );

Table PRESCRIPTION altered.

SQL> 
SQL> ALTER TABLE follow_up_visit
  2      ADD CONSTRAINT visit_to_follow_up FOREIGN KEY ( follow_up_visit_id )
  3          REFERENCES visit ( visit_id );

Table FOLLOW_UP_VISIT altered.

SQL> 
SQL> ALTER TABLE follow_up_visit
  2      ADD CONSTRAINT visit_to_follow_upv2 FOREIGN KEY ( visit_id )
  3          REFERENCES visit ( visit_id );

Table FOLLOW_UP_VISIT altered.

SQL> 
SQL> 
SQL> 
SQL> -- Oracle SQL Developer Data Modeler Summary Report: 
SQL> -- 
SQL> -- CREATE TABLE                            14
SQL> -- CREATE INDEX                             1
SQL> -- ALTER TABLE                             39
SQL> -- CREATE VIEW                              0
SQL> -- ALTER VIEW                               0
SQL> -- CREATE PACKAGE                           0
SQL> -- CREATE PACKAGE BODY                      0
SQL> -- CREATE PROCEDURE                         0
SQL> -- CREATE FUNCTION                          0
SQL> -- CREATE TRIGGER                           0
SQL> -- ALTER TRIGGER                            0
SQL> -- CREATE COLLECTION TYPE                   0
SQL> -- CREATE STRUCTURED TYPE                   0
SQL> -- CREATE STRUCTURED TYPE BODY              0
SQL> -- CREATE CLUSTER                           0
SQL> -- CREATE CONTEXT                           0
SQL> -- CREATE DATABASE                          0
SQL> -- CREATE DIMENSION                         0
SQL> -- CREATE DIRECTORY                         0
SQL> -- CREATE DISK GROUP                        0
SQL> -- CREATE ROLE                              0
SQL> -- CREATE ROLLBACK SEGMENT                  0
SQL> -- CREATE SEQUENCE                          0
SQL> -- CREATE MATERIALIZED VIEW                 0
SQL> -- CREATE MATERIALIZED VIEW LOG             0
SQL> -- CREATE SYNONYM                           0
SQL> -- CREATE TABLESPACE                        0
SQL> -- CREATE USER                              0
SQL> -- 
SQL> -- DROP TABLESPACE                          0
SQL> -- DROP DATABASE                            0
SQL> -- 
SQL> -- REDACTION POLICY                         0
SQL> -- TSDP POLICY                              0
SQL> -- 
SQL> -- ORDS DROP SCHEMA                         0
SQL> -- ORDS ENABLE SCHEMA                       0
SQL> -- ORDS ENABLE OBJECT                       0
SQL> -- 
SQL> -- ERRORS                                   0
SQL> -- WARNINGS                                 0
SQL> 
SQL> SPOOL off
